../Core/Src/main.c:311:1:__io_putchar	16	static
../Core/Src/main.c:331:5:Check_Switch	16	static
../Core/Src/main.c:527:5:Check_Motor	16	static
../Core/Src/main.c:549:5:Set_Motor	16	static
../Core/Src/main.c:641:5:main	8	static
../Core/Src/main.c:712:6:HAL_UART_RxCpltCallback	24	static
../Core/Src/main.c:1205:6:HAL_TIM_OC_DelayElapsedCallback	16	static
../Core/Src/main.c:1331:6:HAL_GPIO_EXTI_Callback	16	static
../Core/Src/main.c:1422:6:Motor_Power	16	static
../Core/Src/main.c:1455:6:Motor_Dir	16	static
