../Core/Src/main.c:311:1:__io_putchar	16	static
../Core/Src/main.c:326:6:strclr	16	static
../Core/Src/main.c:334:5:Check_Switch	16	static
../Core/Src/main.c:530:5:Check_Motor	16	static
../Core/Src/main.c:552:5:Set_Motor	16	static
../Core/Src/main.c:644:5:main	8	static
../Core/Src/main.c:715:6:HAL_UART_RxCpltCallback	24	static
../Core/Src/main.c:1211:6:HAL_TIM_OC_DelayElapsedCallback	16	static
../Core/Src/main.c:1337:6:HAL_GPIO_EXTI_Callback	16	static
../Core/Src/main.c:1428:6:Motor_Power	16	static
../Core/Src/main.c:1461:6:Motor_Dir	16	static
