../Core/Src/stm32f1xx_it.c:26:6:NMI_Handler	4	static
../Core/Src/stm32f1xx_it.c:32:6:HardFault_Handler	4	static
../Core/Src/stm32f1xx_it.c:40:6:MemManage_Handler	4	static
../Core/Src/stm32f1xx_it.c:50:6:BusFault_Handler	4	static
../Core/Src/stm32f1xx_it.c:60:6:UsageFault_Handler	4	static
../Core/Src/stm32f1xx_it.c:70:6:SVC_Handler	4	static
../Core/Src/stm32f1xx_it.c:76:6:DebugMon_Handler	4	static
../Core/Src/stm32f1xx_it.c:82:6:PendSV_Handler	4	static
../Core/Src/stm32f1xx_it.c:88:6:SysTick_Handler	8	static
../Core/Src/stm32f1xx_it.c:95:6:RCC_IRQHandler	4	static
../Core/Src/stm32f1xx_it.c:104:6:TIM2_IRQHandler	8	static
../Core/Src/stm32f1xx_it.c:109:6:TIM4_IRQHandler	8	static
../Core/Src/stm32f1xx_it.c:121:6:EXTI15_10_IRQHandler	8	static
../Core/Src/stm32f1xx_it.c:128:6:EXTI9_5_IRQHandler	8	static
../Core/Src/stm32f1xx_it.c:135:6:EXTI0_IRQHandler	8	static
../Core/Src/stm32f1xx_it.c:142:6:EXTI1_IRQHandler	8	static
../Core/Src/stm32f1xx_it.c:153:6:USART1_IRQHandler	8	static
../Core/Src/stm32f1xx_it.c:159:6:USART3_IRQHandler	8	static
